EN rxcver NULL /mnt/hgfs/VHDL-Lab/submission_template/submit/rcs2plus/rxcver.vhd sub00/vhpl24 1737915728
AR idea_com_inner behavioral /mnt/hgfs/VHDL-Lab/submission_template/submit/rcs2plus/idea_com_inner.vhd sub00/vhpl33 1737915737
AR clk_div behavioral /mnt/hgfs/VHDL-Lab/submission_template/submit/rcs2plus/clk_div.vhd sub00/vhpl31 1737915735
EN roundcounter NULL /mnt/hgfs/VHDL-Lab/submission_template/submit/rcs2plus/roundcounter.vhd sub00/vhpl18 1737915722
AR addop behavioral /mnt/hgfs/VHDL-Lab/submission_template/submit/rcs2plus/addop.vhd sub00/vhpl07 1737915711
EN mulop NULL /mnt/hgfs/VHDL-Lab/submission_template/submit/rcs2plus/mulop.vhd sub00/vhpl04 1737915708
EN idea_rcs2plus NULL /mnt/hgfs/VHDL-Lab/submission_template/submit/rcs2plus/idea_rcs2plus.vhd sub00/vhpl28 1737915732
EN datapath NULL /mnt/hgfs/VHDL-Lab/submission_template/submit/rcs2plus/datapath.vhd sub00/vhpl12 1737915716
EN key_generator NULL /mnt/hgfs/VHDL-Lab/submission_template/submit/rcs2plus/key_generator.vhd sub00/vhpl16 1737915720
EN addop NULL /mnt/hgfs/VHDL-Lab/submission_template/submit/rcs2plus/addop.vhd sub00/vhpl06 1737915710
AR roundcounter behavioral /mnt/hgfs/VHDL-Lab/submission_template/submit/rcs2plus/roundcounter.vhd sub00/vhpl19 1737915723
EN mux2x1 NULL /mnt/hgfs/VHDL-Lab/submission_template/submit/rcs2plus/mux2x1.vhd sub00/vhpl14 1737915718
AR mux2x1 behavioral /mnt/hgfs/VHDL-Lab/submission_template/submit/rcs2plus/mux2x1.vhd sub00/vhpl15 1737915719
EN idea_com NULL /mnt/hgfs/VHDL-Lab/submission_template/submit/rcs2plus/idea_com.vhd sub00/vhpl34 1737915738
AR uart behavior /mnt/hgfs/VHDL-Lab/submission_template/submit/rcs2plus/uart.vhd sub00/vhpl27 1737915731
EN register_16bit NULL /mnt/hgfs/VHDL-Lab/submission_template/submit/rcs2plus/register_16bit.vhd sub00/vhpl02 1737915706
AR rxcver behavior /mnt/hgfs/VHDL-Lab/submission_template/submit/rcs2plus/rxcver.vhd sub00/vhpl25 1737915729
AR txmit behavior /mnt/hgfs/VHDL-Lab/submission_template/submit/rcs2plus/txmit.vhd sub00/vhpl23 1737915727
EN mux4x1 NULL /mnt/hgfs/VHDL-Lab/submission_template/submit/rcs2plus/mux4x1.vhd sub00/vhpl00 1737915704
AR mux4x1 behavioral /mnt/hgfs/VHDL-Lab/submission_template/submit/rcs2plus/mux4x1.vhd sub00/vhpl01 1737915705
AR idea_com behavioral /mnt/hgfs/VHDL-Lab/submission_template/submit/rcs2plus/idea_com.vhd sub00/vhpl35 1737915739
EN xorop NULL /mnt/hgfs/VHDL-Lab/submission_template/submit/rcs2plus/xorop.vhd sub00/vhpl08 1737915712
EN control NULL /mnt/hgfs/VHDL-Lab/submission_template/submit/rcs2plus/control.vhd sub00/vhpl10 1737915714
AR mulop behavioral /mnt/hgfs/VHDL-Lab/submission_template/submit/rcs2plus/mulop.vhd sub00/vhpl05 1737915709
EN txmit NULL /mnt/hgfs/VHDL-Lab/submission_template/submit/rcs2plus/txmit.vhd sub00/vhpl22 1737915726
AR control behavioral /mnt/hgfs/VHDL-Lab/submission_template/submit/rcs2plus/control.vhd sub00/vhpl11 1737915715
AR register_16bit behavioral /mnt/hgfs/VHDL-Lab/submission_template/submit/rcs2plus/register_16bit.vhd sub00/vhpl03 1737915707
AR datapath behavioral /mnt/hgfs/VHDL-Lab/submission_template/submit/rcs2plus/datapath.vhd sub00/vhpl13 1737915717
AR key_generator behavioral /mnt/hgfs/VHDL-Lab/submission_template/submit/rcs2plus/key_generator.vhd sub00/vhpl17 1737915721
EN uart NULL /mnt/hgfs/VHDL-Lab/submission_template/submit/rcs2plus/uart.vhd sub00/vhpl26 1737915730
EN clockedround NULL /mnt/hgfs/VHDL-Lab/submission_template/submit/rcs2plus/clockedround.vhd sub00/vhpl20 1737915724
EN clk_div NULL /mnt/hgfs/VHDL-Lab/submission_template/submit/rcs2plus/clk_div.vhd sub00/vhpl30 1737915734
AR xorop behavioral /mnt/hgfs/VHDL-Lab/submission_template/submit/rcs2plus/xorop.vhd sub00/vhpl09 1737915713
AR idea_rcs2plus structural /mnt/hgfs/VHDL-Lab/submission_template/submit/rcs2plus/idea_rcs2plus.vhd sub00/vhpl29 1737915733
AR clockedround structural /mnt/hgfs/VHDL-Lab/submission_template/submit/rcs2plus/clockedround.vhd sub00/vhpl21 1737915725
EN idea_com_inner NULL /mnt/hgfs/VHDL-Lab/submission_template/submit/rcs2plus/idea_com_inner.vhd sub00/vhpl32 1737915736
