V3 71
FL /mnt/hgfs/VHDL-Lab/submission_template/submit/rcs2plus/addop.vhd 2024/11/23.16:20:52 P.20131013
EN work/addop 1737915710 \
      FL /mnt/hgfs/VHDL-Lab/submission_template/submit/rcs2plus/addop.vhd \
      PB ieee/std_logic_1164 1381692176 PB ieee/STD_LOGIC_UNSIGNED 1381692179
AR work/addop/Behavioral 1737915711 \
      FL /mnt/hgfs/VHDL-Lab/submission_template/submit/rcs2plus/addop.vhd \
      EN work/addop 1737915710
FL /mnt/hgfs/VHDL-Lab/submission_template/submit/rcs2plus/clk_div.vhd 2016/04/20.10:48:16 P.20131013
EN work/clk_div 1737915734 \
      FL /mnt/hgfs/VHDL-Lab/submission_template/submit/rcs2plus/clk_div.vhd \
      PB ieee/std_logic_1164 1381692176 PB ieee/std_logic_arith 1381692177 \
      PB ieee/STD_LOGIC_UNSIGNED 1381692179
AR work/clk_div/Behavioral 1737915735 \
      FL /mnt/hgfs/VHDL-Lab/submission_template/submit/rcs2plus/clk_div.vhd \
      EN work/clk_div 1737915734
FL /mnt/hgfs/VHDL-Lab/submission_template/submit/rcs2plus/clockedround.vhd 2025/01/24.19:18:10 P.20131013
EN work/clockedround 1737915724 \
      FL /mnt/hgfs/VHDL-Lab/submission_template/submit/rcs2plus/clockedround.vhd \
      PB ieee/std_logic_1164 1381692176
AR work/clockedround/Structural 1737915725 \
      FL /mnt/hgfs/VHDL-Lab/submission_template/submit/rcs2plus/clockedround.vhd \
      EN work/clockedround 1737915724 CP control CP datapath
FL /mnt/hgfs/VHDL-Lab/submission_template/submit/rcs2plus/control.vhd 2025/01/26.18:16:35 P.20131013
EN work/control 1737915714 \
      FL /mnt/hgfs/VHDL-Lab/submission_template/submit/rcs2plus/control.vhd \
      PB ieee/std_logic_1164 1381692176 PB ieee/NUMERIC_STD 1381692181
AR work/control/Behavioral 1737915715 \
      FL /mnt/hgfs/VHDL-Lab/submission_template/submit/rcs2plus/control.vhd \
      EN work/control 1737915714
FL /mnt/hgfs/VHDL-Lab/submission_template/submit/rcs2plus/datapath.vhd 2025/01/11.18:40:16 P.20131013
EN work/datapath 1737915716 \
      FL /mnt/hgfs/VHDL-Lab/submission_template/submit/rcs2plus/datapath.vhd \
      PB ieee/std_logic_1164 1381692176
AR work/datapath/Behavioral 1737915717 \
      FL /mnt/hgfs/VHDL-Lab/submission_template/submit/rcs2plus/datapath.vhd \
      EN work/datapath 1737915716 CP mux4x1 CP register_16bit CP mulop CP addop \
      CP xorop
FL /mnt/hgfs/VHDL-Lab/submission_template/submit/rcs2plus/idea_com.vhd 2016/04/20.10:48:16 P.20131013
EN work/idea_com 1737915738 \
      FL /mnt/hgfs/VHDL-Lab/submission_template/submit/rcs2plus/idea_com.vhd \
      PB ieee/std_logic_1164 1381692176 PB ieee/std_logic_arith 1381692177 \
      PB ieee/STD_LOGIC_UNSIGNED 1381692179
AR work/idea_com/Behavioral 1737915739 \
      FL /mnt/hgfs/VHDL-Lab/submission_template/submit/rcs2plus/idea_com.vhd \
      EN work/idea_com 1737915738 CP clk_div CP idea_com_inner
FL /mnt/hgfs/VHDL-Lab/submission_template/submit/rcs2plus/idea_com_inner.vhd 2025/01/26.18:21:31 P.20131013
EN work/idea_com_inner 1737915736 \
      FL /mnt/hgfs/VHDL-Lab/submission_template/submit/rcs2plus/idea_com_inner.vhd \
      PB ieee/std_logic_1164 1381692176 PB ieee/std_logic_arith 1381692177 \
      PB ieee/STD_LOGIC_UNSIGNED 1381692179
AR work/idea_com_inner/Behavioral 1737915737 \
      FL /mnt/hgfs/VHDL-Lab/submission_template/submit/rcs2plus/idea_com_inner.vhd \
      EN work/idea_com_inner 1737915736 CP uart CP idea_rcs2plus CP mux2x1
FL /mnt/hgfs/VHDL-Lab/submission_template/submit/rcs2plus/idea_rcs2plus.vhd 2025/01/26.18:21:08 P.20131013
EN work/idea_rcs2plus 1737915732 \
      FL /mnt/hgfs/VHDL-Lab/submission_template/submit/rcs2plus/idea_rcs2plus.vhd \
      PB ieee/std_logic_1164 1381692176
AR work/idea_rcs2plus/Structural 1737915733 \
      FL /mnt/hgfs/VHDL-Lab/submission_template/submit/rcs2plus/idea_rcs2plus.vhd \
      EN work/idea_rcs2plus 1737915732 CP mux2x1 CP register_16bit CP key_generator \
      CP roundcounter CP clockedround
FL /mnt/hgfs/VHDL-Lab/submission_template/submit/rcs2plus/key_generator.vhd 2024/12/22.18:37:30 P.20131013
EN work/key_generator 1737915720 \
      FL /mnt/hgfs/VHDL-Lab/submission_template/submit/rcs2plus/key_generator.vhd \
      PB ieee/std_logic_1164 1381692176
AR work/key_generator/Behavioral 1737915721 \
      FL /mnt/hgfs/VHDL-Lab/submission_template/submit/rcs2plus/key_generator.vhd \
      EN work/key_generator 1737915720
FL /mnt/hgfs/VHDL-Lab/submission_template/submit/rcs2plus/mulop.vhd 2024/11/23.16:26:16 P.20131013
EN work/mulop 1737915708 \
      FL /mnt/hgfs/VHDL-Lab/submission_template/submit/rcs2plus/mulop.vhd \
      PB ieee/std_logic_1164 1381692176 PB ieee/STD_LOGIC_UNSIGNED 1381692179
AR work/mulop/Behavioral 1737915709 \
      FL /mnt/hgfs/VHDL-Lab/submission_template/submit/rcs2plus/mulop.vhd \
      EN work/mulop 1737915708
FL /mnt/hgfs/VHDL-Lab/submission_template/submit/rcs2plus/mux2x1.vhd 2024/12/22.16:38:06 P.20131013
EN work/mux2x1 1737915718 \
      FL /mnt/hgfs/VHDL-Lab/submission_template/submit/rcs2plus/mux2x1.vhd \
      PB ieee/std_logic_1164 1381692176
AR work/mux2x1/Behavioral 1737915719 \
      FL /mnt/hgfs/VHDL-Lab/submission_template/submit/rcs2plus/mux2x1.vhd \
      EN work/mux2x1 1737915718
FL /mnt/hgfs/VHDL-Lab/submission_template/submit/rcs2plus/mux4x1.vhd 2025/01/11.15:35:07 P.20131013
EN work/mux4x1 1737915704 \
      FL /mnt/hgfs/VHDL-Lab/submission_template/submit/rcs2plus/mux4x1.vhd \
      PB ieee/std_logic_1164 1381692176
AR work/mux4x1/Behavioral 1737915705 \
      FL /mnt/hgfs/VHDL-Lab/submission_template/submit/rcs2plus/mux4x1.vhd \
      EN work/mux4x1 1737915704
FL /mnt/hgfs/VHDL-Lab/submission_template/submit/rcs2plus/register_16bit.vhd 2024/12/22.22:22:10 P.20131013
EN work/register_16bit 1737915706 \
      FL /mnt/hgfs/VHDL-Lab/submission_template/submit/rcs2plus/register_16bit.vhd \
      PB ieee/std_logic_1164 1381692176
AR work/register_16bit/Behavioral 1737915707 \
      FL /mnt/hgfs/VHDL-Lab/submission_template/submit/rcs2plus/register_16bit.vhd \
      EN work/register_16bit 1737915706
FL /mnt/hgfs/VHDL-Lab/submission_template/submit/rcs2plus/roundcounter.vhd 2025/01/24.13:48:23 P.20131013
EN work/roundcounter 1737915722 \
      FL /mnt/hgfs/VHDL-Lab/submission_template/submit/rcs2plus/roundcounter.vhd \
      PB ieee/std_logic_1164 1381692176 PB ieee/NUMERIC_STD 1381692181
AR work/roundcounter/Behavioral 1737915723 \
      FL /mnt/hgfs/VHDL-Lab/submission_template/submit/rcs2plus/roundcounter.vhd \
      EN work/roundcounter 1737915722
FL /mnt/hgfs/VHDL-Lab/submission_template/submit/rcs2plus/rxcver.vhd 2016/04/20.10:48:16 P.20131013
EN work/rxcver 1737915728 \
      FL /mnt/hgfs/VHDL-Lab/submission_template/submit/rcs2plus/rxcver.vhd \
      PB ieee/std_logic_1164 1381692176 PB ieee/std_logic_arith 1381692177 \
      PB ieee/std_logic_misc 1381692178 PB ieee/STD_LOGIC_UNSIGNED 1381692179
AR work/rxcver/behavior 1737915729 \
      FL /mnt/hgfs/VHDL-Lab/submission_template/submit/rcs2plus/rxcver.vhd \
      EN work/rxcver 1737915728
FL /mnt/hgfs/VHDL-Lab/submission_template/submit/rcs2plus/txmit.vhd 2016/04/20.10:48:16 P.20131013
EN work/txmit 1737915726 \
      FL /mnt/hgfs/VHDL-Lab/submission_template/submit/rcs2plus/txmit.vhd \
      PB ieee/std_logic_1164 1381692176 PB ieee/std_logic_arith 1381692177 \
      PB ieee/std_logic_misc 1381692178 PB ieee/STD_LOGIC_UNSIGNED 1381692179
AR work/txmit/behavior 1737915727 \
      FL /mnt/hgfs/VHDL-Lab/submission_template/submit/rcs2plus/txmit.vhd \
      EN work/txmit 1737915726
FL /mnt/hgfs/VHDL-Lab/submission_template/submit/rcs2plus/uart.vhd 2016/04/20.10:48:16 P.20131013
EN work/uart 1737915730 \
      FL /mnt/hgfs/VHDL-Lab/submission_template/submit/rcs2plus/uart.vhd \
      PB ieee/std_logic_1164 1381692176 PB ieee/std_logic_arith 1381692177 \
      PB ieee/std_logic_misc 1381692178 PB ieee/STD_LOGIC_UNSIGNED 1381692179
AR work/uart/behavior 1737915731 \
      FL /mnt/hgfs/VHDL-Lab/submission_template/submit/rcs2plus/uart.vhd \
      EN work/uart 1737915730 CP txmit CP rxcver
FL /mnt/hgfs/VHDL-Lab/submission_template/submit/rcs2plus/xorop.vhd 2024/11/23.16:50:32 P.20131013
EN work/xorop 1737915712 \
      FL /mnt/hgfs/VHDL-Lab/submission_template/submit/rcs2plus/xorop.vhd \
      PB ieee/std_logic_1164 1381692176
AR work/xorop/Behavioral 1737915713 \
      FL /mnt/hgfs/VHDL-Lab/submission_template/submit/rcs2plus/xorop.vhd \
      EN work/xorop 1737915712
