EN rxcver NULL /mnt/hgfs/VHDL-Lab/submission_template/submit/rcs2/rxcver.vhd sub00/vhpl26 1737913374
AR idea_com_inner behavioral /mnt/hgfs/VHDL-Lab/submission_template/submit/rcs2/idea_com_inner.vhd sub00/vhpl33 1737913383
AR clk_div behavioral /mnt/hgfs/VHDL-Lab/submission_template/submit/rcs2/clk_div.vhd sub00/vhpl31 1737913381
EN roundcounter NULL /mnt/hgfs/VHDL-Lab/submission_template/submit/rcs2/roundcounter.vhd sub00/vhpl16 1737913368
AR addop behavioral /mnt/hgfs/VHDL-Lab/submission_template/submit/rcs2/addop.vhd sub00/vhpl11 1737913357
EN mulop NULL /mnt/hgfs/VHDL-Lab/submission_template/submit/rcs2/mulop.vhd sub00/vhpl08 1737913354
AR idea_rcs2 structural /mnt/hgfs/VHDL-Lab/submission_template/submit/rcs2/idea_rcs2.vhd sub00/vhpl19 1737913379
EN datapath NULL /mnt/hgfs/VHDL-Lab/submission_template/submit/rcs2/datapath.vhd sub00/vhpl04 1737913362
EN key_generator NULL /mnt/hgfs/VHDL-Lab/submission_template/submit/rcs2/key_generator.vhd sub00/vhpl22 1737913366
EN addop NULL /mnt/hgfs/VHDL-Lab/submission_template/submit/rcs2/addop.vhd sub00/vhpl10 1737913356
AR roundcounter behavioral /mnt/hgfs/VHDL-Lab/submission_template/submit/rcs2/roundcounter.vhd sub00/vhpl17 1737913369
EN mux2x1 NULL /mnt/hgfs/VHDL-Lab/submission_template/submit/rcs2/mux2x1.vhd sub00/vhpl20 1737913364
AR mux2x1 behavioral /mnt/hgfs/VHDL-Lab/submission_template/submit/rcs2/mux2x1.vhd sub00/vhpl21 1737913365
EN idea_com NULL /mnt/hgfs/VHDL-Lab/submission_template/submit/rcs2/idea_com.vhd sub00/vhpl34 1737913384
EN idea_rcs2 NULL /mnt/hgfs/VHDL-Lab/submission_template/submit/rcs2/idea_rcs2.vhd sub00/vhpl18 1737913378
AR uart behavior /mnt/hgfs/VHDL-Lab/submission_template/submit/rcs2/uart.vhd sub00/vhpl29 1737913377
EN register_16bit NULL /mnt/hgfs/VHDL-Lab/submission_template/submit/rcs2/register_16bit.vhd sub00/vhpl06 1737913352
AR rxcver behavior /mnt/hgfs/VHDL-Lab/submission_template/submit/rcs2/rxcver.vhd sub00/vhpl27 1737913375
AR txmit behavior /mnt/hgfs/VHDL-Lab/submission_template/submit/rcs2/txmit.vhd sub00/vhpl25 1737913373
EN mux4x1 NULL /mnt/hgfs/VHDL-Lab/submission_template/submit/rcs2/mux4x1.vhd sub00/vhpl00 1737913350
AR mux4x1 behavioral /mnt/hgfs/VHDL-Lab/submission_template/submit/rcs2/mux4x1.vhd sub00/vhpl01 1737913351
AR idea_com behavioral /mnt/hgfs/VHDL-Lab/submission_template/submit/rcs2/idea_com.vhd sub00/vhpl35 1737913385
EN xorop NULL /mnt/hgfs/VHDL-Lab/submission_template/submit/rcs2/xorop.vhd sub00/vhpl12 1737913358
EN control NULL /mnt/hgfs/VHDL-Lab/submission_template/submit/rcs2/control.vhd sub00/vhpl02 1737913360
AR mulop behavioral /mnt/hgfs/VHDL-Lab/submission_template/submit/rcs2/mulop.vhd sub00/vhpl09 1737913355
EN txmit NULL /mnt/hgfs/VHDL-Lab/submission_template/submit/rcs2/txmit.vhd sub00/vhpl24 1737913372
AR control behavioral /mnt/hgfs/VHDL-Lab/submission_template/submit/rcs2/control.vhd sub00/vhpl03 1737913361
AR register_16bit behavioral /mnt/hgfs/VHDL-Lab/submission_template/submit/rcs2/register_16bit.vhd sub00/vhpl07 1737913353
AR datapath behavioral /mnt/hgfs/VHDL-Lab/submission_template/submit/rcs2/datapath.vhd sub00/vhpl05 1737913363
AR key_generator behavioral /mnt/hgfs/VHDL-Lab/submission_template/submit/rcs2/key_generator.vhd sub00/vhpl23 1737913367
EN uart NULL /mnt/hgfs/VHDL-Lab/submission_template/submit/rcs2/uart.vhd sub00/vhpl28 1737913376
EN clockedround NULL /mnt/hgfs/VHDL-Lab/submission_template/submit/rcs2/clockedround.vhd sub00/vhpl14 1737913370
EN clk_div NULL /mnt/hgfs/VHDL-Lab/submission_template/submit/rcs2/clk_div.vhd sub00/vhpl30 1737913380
AR xorop behavioral /mnt/hgfs/VHDL-Lab/submission_template/submit/rcs2/xorop.vhd sub00/vhpl13 1737913359
AR clockedround structural /mnt/hgfs/VHDL-Lab/submission_template/submit/rcs2/clockedround.vhd sub00/vhpl15 1737913371
EN idea_com_inner NULL /mnt/hgfs/VHDL-Lab/submission_template/submit/rcs2/idea_com_inner.vhd sub00/vhpl32 1737913382
