V3 71
FL /mnt/hgfs/VHDL-Lab/submission_template/submit/rcs2/addop.vhd 2024/11/23.16:20:52 P.20131013
EN work/addop 1737913356 \
      FL /mnt/hgfs/VHDL-Lab/submission_template/submit/rcs2/addop.vhd \
      PB ieee/std_logic_1164 1381692176 PB ieee/STD_LOGIC_UNSIGNED 1381692179
AR work/addop/Behavioral 1737913357 \
      FL /mnt/hgfs/VHDL-Lab/submission_template/submit/rcs2/addop.vhd \
      EN work/addop 1737913356
FL /mnt/hgfs/VHDL-Lab/submission_template/submit/rcs2/clk_div.vhd 2016/04/20.10:48:16 P.20131013
EN work/clk_div 1737913380 \
      FL /mnt/hgfs/VHDL-Lab/submission_template/submit/rcs2/clk_div.vhd \
      PB ieee/std_logic_1164 1381692176 PB ieee/std_logic_arith 1381692177 \
      PB ieee/STD_LOGIC_UNSIGNED 1381692179
AR work/clk_div/Behavioral 1737913381 \
      FL /mnt/hgfs/VHDL-Lab/submission_template/submit/rcs2/clk_div.vhd \
      EN work/clk_div 1737913380
FL /mnt/hgfs/VHDL-Lab/submission_template/submit/rcs2/clockedround.vhd 2025/01/24.19:18:10 P.20131013
EN work/clockedround 1737913370 \
      FL /mnt/hgfs/VHDL-Lab/submission_template/submit/rcs2/clockedround.vhd \
      PB ieee/std_logic_1164 1381692176
AR work/clockedround/Structural 1737913371 \
      FL /mnt/hgfs/VHDL-Lab/submission_template/submit/rcs2/clockedround.vhd \
      EN work/clockedround 1737913370 CP control CP datapath
FL /mnt/hgfs/VHDL-Lab/submission_template/submit/rcs2/control.vhd 2025/01/25.12:14:08 P.20131013
EN work/control 1737913360 \
      FL /mnt/hgfs/VHDL-Lab/submission_template/submit/rcs2/control.vhd \
      PB ieee/std_logic_1164 1381692176 PB ieee/NUMERIC_STD 1381692181
AR work/control/Behavioral 1737913361 \
      FL /mnt/hgfs/VHDL-Lab/submission_template/submit/rcs2/control.vhd \
      EN work/control 1737913360
FL /mnt/hgfs/VHDL-Lab/submission_template/submit/rcs2/datapath.vhd 2025/01/11.18:40:16 P.20131013
EN work/datapath 1737913362 \
      FL /mnt/hgfs/VHDL-Lab/submission_template/submit/rcs2/datapath.vhd \
      PB ieee/std_logic_1164 1381692176
AR work/datapath/Behavioral 1737913363 \
      FL /mnt/hgfs/VHDL-Lab/submission_template/submit/rcs2/datapath.vhd \
      EN work/datapath 1737913362 CP mux4x1 CP register_16Bit CP mulop CP addop \
      CP xorop
FL /mnt/hgfs/VHDL-Lab/submission_template/submit/rcs2/idea_com.vhd 2016/04/20.10:48:16 P.20131013
EN work/idea_com 1737913384 \
      FL /mnt/hgfs/VHDL-Lab/submission_template/submit/rcs2/idea_com.vhd \
      PB ieee/std_logic_1164 1381692176 PB ieee/std_logic_arith 1381692177 \
      PB ieee/STD_LOGIC_UNSIGNED 1381692179
AR work/idea_com/Behavioral 1737913385 \
      FL /mnt/hgfs/VHDL-Lab/submission_template/submit/rcs2/idea_com.vhd \
      EN work/idea_com 1737913384 CP clk_div CP idea_com_inner
FL /mnt/hgfs/VHDL-Lab/submission_template/submit/rcs2/idea_com_inner.vhd 2017/10/18.16:29:01 P.20131013
EN work/idea_com_inner 1737913382 \
      FL /mnt/hgfs/VHDL-Lab/submission_template/submit/rcs2/idea_com_inner.vhd \
      PB ieee/std_logic_1164 1381692176 PB ieee/std_logic_arith 1381692177 \
      PB ieee/STD_LOGIC_UNSIGNED 1381692179
AR work/idea_com_inner/Behavioral 1737913383 \
      FL /mnt/hgfs/VHDL-Lab/submission_template/submit/rcs2/idea_com_inner.vhd \
      EN work/idea_com_inner 1737913382 CP uart CP idea_rcs2 CP mux2x1
FL /mnt/hgfs/VHDL-Lab/submission_template/submit/rcs2/idea_rcs2.vhd 2025/01/24.19:18:10 P.20131013
EN work/idea_rcs2 1737913378 \
      FL /mnt/hgfs/VHDL-Lab/submission_template/submit/rcs2/idea_rcs2.vhd \
      PB ieee/std_logic_1164 1381692176
AR work/idea_rcs2/Structural 1737913379 \
      FL /mnt/hgfs/VHDL-Lab/submission_template/submit/rcs2/idea_rcs2.vhd \
      EN work/idea_rcs2 1737913378 CP mux2x1 CP register_16Bit CP key_generator \
      CP roundcounter CP clockedround
FL /mnt/hgfs/VHDL-Lab/submission_template/submit/rcs2/key_generator.vhd 2024/12/22.18:37:30 P.20131013
EN work/key_generator 1737913366 \
      FL /mnt/hgfs/VHDL-Lab/submission_template/submit/rcs2/key_generator.vhd \
      PB ieee/std_logic_1164 1381692176
AR work/key_generator/Behavioral 1737913367 \
      FL /mnt/hgfs/VHDL-Lab/submission_template/submit/rcs2/key_generator.vhd \
      EN work/key_generator 1737913366
FL /mnt/hgfs/VHDL-Lab/submission_template/submit/rcs2/mulop.vhd 2024/11/23.16:26:16 P.20131013
EN work/mulop 1737913354 \
      FL /mnt/hgfs/VHDL-Lab/submission_template/submit/rcs2/mulop.vhd \
      PB ieee/std_logic_1164 1381692176 PB ieee/STD_LOGIC_UNSIGNED 1381692179
AR work/mulop/Behavioral 1737913355 \
      FL /mnt/hgfs/VHDL-Lab/submission_template/submit/rcs2/mulop.vhd \
      EN work/mulop 1737913354
FL /mnt/hgfs/VHDL-Lab/submission_template/submit/rcs2/mux2x1.vhd 2024/12/22.16:38:06 P.20131013
EN work/mux2x1 1737913364 \
      FL /mnt/hgfs/VHDL-Lab/submission_template/submit/rcs2/mux2x1.vhd \
      PB ieee/std_logic_1164 1381692176
AR work/mux2x1/Behavioral 1737913365 \
      FL /mnt/hgfs/VHDL-Lab/submission_template/submit/rcs2/mux2x1.vhd \
      EN work/mux2x1 1737913364
FL /mnt/hgfs/VHDL-Lab/submission_template/submit/rcs2/mux4x1.vhd 2025/01/11.15:35:07 P.20131013
EN work/mux4x1 1737913350 \
      FL /mnt/hgfs/VHDL-Lab/submission_template/submit/rcs2/mux4x1.vhd \
      PB ieee/std_logic_1164 1381692176
AR work/mux4x1/Behavioral 1737913351 \
      FL /mnt/hgfs/VHDL-Lab/submission_template/submit/rcs2/mux4x1.vhd \
      EN work/mux4x1 1737913350
FL /mnt/hgfs/VHDL-Lab/submission_template/submit/rcs2/register_16bit.vhd 2024/12/22.22:22:10 P.20131013
EN work/register_16bit 1737913352 \
      FL /mnt/hgfs/VHDL-Lab/submission_template/submit/rcs2/register_16bit.vhd \
      PB ieee/std_logic_1164 1381692176
AR work/register_16bit/Behavioral 1737913353 \
      FL /mnt/hgfs/VHDL-Lab/submission_template/submit/rcs2/register_16bit.vhd \
      EN work/register_16bit 1737913352
FL /mnt/hgfs/VHDL-Lab/submission_template/submit/rcs2/roundcounter.vhd 2025/01/24.13:48:23 P.20131013
EN work/roundcounter 1737913368 \
      FL /mnt/hgfs/VHDL-Lab/submission_template/submit/rcs2/roundcounter.vhd \
      PB ieee/std_logic_1164 1381692176 PB ieee/NUMERIC_STD 1381692181
AR work/roundcounter/Behavioral 1737913369 \
      FL /mnt/hgfs/VHDL-Lab/submission_template/submit/rcs2/roundcounter.vhd \
      EN work/roundcounter 1737913368
FL /mnt/hgfs/VHDL-Lab/submission_template/submit/rcs2/rxcver.vhd 2016/04/20.10:48:16 P.20131013
EN work/rxcver 1737913374 \
      FL /mnt/hgfs/VHDL-Lab/submission_template/submit/rcs2/rxcver.vhd \
      PB ieee/std_logic_1164 1381692176 PB ieee/std_logic_arith 1381692177 \
      PB ieee/std_logic_misc 1381692178 PB ieee/STD_LOGIC_UNSIGNED 1381692179
AR work/rxcver/behavior 1737913375 \
      FL /mnt/hgfs/VHDL-Lab/submission_template/submit/rcs2/rxcver.vhd \
      EN work/rxcver 1737913374
FL /mnt/hgfs/VHDL-Lab/submission_template/submit/rcs2/txmit.vhd 2016/04/20.10:48:16 P.20131013
EN work/txmit 1737913372 \
      FL /mnt/hgfs/VHDL-Lab/submission_template/submit/rcs2/txmit.vhd \
      PB ieee/std_logic_1164 1381692176 PB ieee/std_logic_arith 1381692177 \
      PB ieee/std_logic_misc 1381692178 PB ieee/STD_LOGIC_UNSIGNED 1381692179
AR work/txmit/behavior 1737913373 \
      FL /mnt/hgfs/VHDL-Lab/submission_template/submit/rcs2/txmit.vhd \
      EN work/txmit 1737913372
FL /mnt/hgfs/VHDL-Lab/submission_template/submit/rcs2/uart.vhd 2016/04/20.10:48:16 P.20131013
EN work/uart 1737913376 \
      FL /mnt/hgfs/VHDL-Lab/submission_template/submit/rcs2/uart.vhd \
      PB ieee/std_logic_1164 1381692176 PB ieee/std_logic_arith 1381692177 \
      PB ieee/std_logic_misc 1381692178 PB ieee/STD_LOGIC_UNSIGNED 1381692179
AR work/uart/behavior 1737913377 \
      FL /mnt/hgfs/VHDL-Lab/submission_template/submit/rcs2/uart.vhd EN work/uart 1737913376 \
      CP txmit CP rxcver
FL /mnt/hgfs/VHDL-Lab/submission_template/submit/rcs2/xorop.vhd 2024/11/23.16:50:32 P.20131013
EN work/xorop 1737913358 \
      FL /mnt/hgfs/VHDL-Lab/submission_template/submit/rcs2/xorop.vhd \
      PB ieee/std_logic_1164 1381692176
AR work/xorop/Behavioral 1737913359 \
      FL /mnt/hgfs/VHDL-Lab/submission_template/submit/rcs2/xorop.vhd \
      EN work/xorop 1737913358
