EN rxcver NULL /mnt/hgfs/vm_share/other/moh/rcs1/rxcver.vhd sub00/vhpl20 1734907157
AR idea_com_inner behavioral /mnt/hgfs/vm_share/other/moh/rcs1/idea_com_inner.vhd sub00/vhpl29 1734907166
AR clk_div behavioral /mnt/hgfs/vm_share/other/moh/rcs1/clk_div.vhd sub00/vhpl27 1734907164
AR addop behavioral /mnt/hgfs/vm_share/other/moh/rcs1/addop.vhd sub00/vhpl03 1734907140
EN mulop NULL /mnt/hgfs/vm_share/other/moh/rcs1/mulop.vhd sub00/vhpl00 1734907137
EN key_generator NULL /mnt/hgfs/vm_share/other/moh/rcs1/key_generator.vhd sub00/vhpl08 1734907145
EN trafo NULL /mnt/hgfs/vm_share/other/moh/rcs1/trafo.vhd sub00/vhpl12 1734907149
AR round behavioral /mnt/hgfs/vm_share/other/moh/rcs1/round.vhd sub00/vhpl11 1734907148
EN addop NULL /mnt/hgfs/vm_share/other/moh/rcs1/addop.vhd sub00/vhpl02 1734907139
EN mux2x1 NULL /mnt/hgfs/vm_share/other/moh/rcs1/mux2x1.vhd sub00/vhpl14 1734907151
AR mux2x1 behavioral /mnt/hgfs/vm_share/other/moh/rcs1/mux2x1.vhd sub00/vhpl15 1734907152
AR trafo behavioral /mnt/hgfs/vm_share/other/moh/rcs1/trafo.vhd sub00/vhpl13 1734907150
EN idea_com NULL /mnt/hgfs/vm_share/other/moh/rcs1/idea_com.vhd sub00/vhpl30 1734907167
AR uart behavior /mnt/hgfs/vm_share/other/moh/rcs1/uart.vhd sub00/vhpl23 1734907160
EN register_16bit NULL /mnt/hgfs/vm_share/other/moh/rcs1/register_16bit.vhd sub00/vhpl16 1734907153
AR rxcver behavior /mnt/hgfs/vm_share/other/moh/rcs1/rxcver.vhd sub00/vhpl21 1734907158
AR txmit behavior /mnt/hgfs/vm_share/other/moh/rcs1/txmit.vhd sub00/vhpl19 1734907156
EN round NULL /mnt/hgfs/vm_share/other/moh/rcs1/round.vhd sub00/vhpl10 1734907147
AR idea_com behavioral /mnt/hgfs/vm_share/other/moh/rcs1/idea_com.vhd sub00/vhpl31 1734907168
EN xorop NULL /mnt/hgfs/vm_share/other/moh/rcs1/xorop.vhd sub00/vhpl04 1734907141
EN control NULL /mnt/hgfs/vm_share/other/moh/rcs1/control.vhd sub00/vhpl06 1734907143
AR mulop behavioral /mnt/hgfs/vm_share/other/moh/rcs1/mulop.vhd sub00/vhpl01 1734907138
EN txmit NULL /mnt/hgfs/vm_share/other/moh/rcs1/txmit.vhd sub00/vhpl18 1734907155
AR idea_single structural /mnt/hgfs/vm_share/other/moh/rcs1/idea_single.vhd sub00/vhpl25 1734907162
AR control behavioral /mnt/hgfs/vm_share/other/moh/rcs1/control.vhd sub00/vhpl07 1734907144
AR register_16bit behavioral /mnt/hgfs/vm_share/other/moh/rcs1/register_16bit.vhd sub00/vhpl17 1734907154
AR key_generator behavioral /mnt/hgfs/vm_share/other/moh/rcs1/key_generator.vhd sub00/vhpl09 1734907146
EN uart NULL /mnt/hgfs/vm_share/other/moh/rcs1/uart.vhd sub00/vhpl22 1734907159
EN clk_div NULL /mnt/hgfs/vm_share/other/moh/rcs1/clk_div.vhd sub00/vhpl26 1734907163
AR xorop behavioral /mnt/hgfs/vm_share/other/moh/rcs1/xorop.vhd sub00/vhpl05 1734907142
EN idea_single NULL /mnt/hgfs/vm_share/other/moh/rcs1/idea_single.vhd sub00/vhpl24 1734907161
EN idea_com_inner NULL /mnt/hgfs/vm_share/other/moh/rcs1/idea_com_inner.vhd sub00/vhpl28 1734907165
