V3 63
FL /mnt/hgfs/vm_share/other/moh/rcs1/addop.vhd 2024/12/22.19:27:48 P.20131013
EN work/addop 1734907139 FL /mnt/hgfs/vm_share/other/moh/rcs1/addop.vhd \
      PB ieee/std_logic_1164 1381692176 PB ieee/STD_LOGIC_UNSIGNED 1381692179
AR work/addop/Behavioral 1734907140 \
      FL /mnt/hgfs/vm_share/other/moh/rcs1/addop.vhd EN work/addop 1734907139
FL /mnt/hgfs/vm_share/other/moh/rcs1/clk_div.vhd 2016/04/20.10:48:07 P.20131013
EN work/clk_div 1734907163 FL /mnt/hgfs/vm_share/other/moh/rcs1/clk_div.vhd \
      PB ieee/std_logic_1164 1381692176 PB ieee/std_logic_arith 1381692177 \
      PB ieee/STD_LOGIC_UNSIGNED 1381692179
AR work/clk_div/Behavioral 1734907164 \
      FL /mnt/hgfs/vm_share/other/moh/rcs1/clk_div.vhd EN work/clk_div 1734907163
FL /mnt/hgfs/vm_share/other/moh/rcs1/control.vhd 2024/12/22.22:28:55 P.20131013
EN work/control 1734907143 FL /mnt/hgfs/vm_share/other/moh/rcs1/control.vhd \
      PB ieee/std_logic_1164 1381692176 PB ieee/STD_LOGIC_UNSIGNED 1381692179
AR work/control/Behavioral 1734907144 \
      FL /mnt/hgfs/vm_share/other/moh/rcs1/control.vhd EN work/control 1734907143
FL /mnt/hgfs/vm_share/other/moh/rcs1/idea_com.vhd 2016/04/20.10:48:07 P.20131013
EN work/idea_com 1734907167 FL /mnt/hgfs/vm_share/other/moh/rcs1/idea_com.vhd \
      PB ieee/std_logic_1164 1381692176 PB ieee/std_logic_arith 1381692177 \
      PB ieee/STD_LOGIC_UNSIGNED 1381692179
AR work/idea_com/Behavioral 1734907168 \
      FL /mnt/hgfs/vm_share/other/moh/rcs1/idea_com.vhd EN work/idea_com 1734907167 \
      CP clk_div CP idea_com_inner
FL /mnt/hgfs/vm_share/other/moh/rcs1/idea_com_inner.vhd 2017/10/18.16:24:08 P.20131013
EN work/idea_com_inner 1734907165 \
      FL /mnt/hgfs/vm_share/other/moh/rcs1/idea_com_inner.vhd \
      PB ieee/std_logic_1164 1381692176 PB ieee/std_logic_arith 1381692177 \
      PB ieee/STD_LOGIC_UNSIGNED 1381692179
AR work/idea_com_inner/Behavioral 1734907166 \
      FL /mnt/hgfs/vm_share/other/moh/rcs1/idea_com_inner.vhd \
      EN work/idea_com_inner 1734907165 CP uart CP idea_single CP mux2x1
FL /mnt/hgfs/vm_share/other/moh/rcs1/idea_single.vhd 2024/12/22.22:37:24 P.20131013
EN work/idea_single 1734907161 \
      FL /mnt/hgfs/vm_share/other/moh/rcs1/idea_single.vhd PB ieee/std_logic_1164 1381692176
AR work/idea_single/Structural 1734907162 \
      FL /mnt/hgfs/vm_share/other/moh/rcs1/idea_single.vhd EN work/idea_single 1734907161 \
      CP control CP key_generator CP round CP trafo CP mux2x1 CP register_16Bit
FL /mnt/hgfs/vm_share/other/moh/rcs1/key_generator.vhd 2024/12/22.18:37:30 P.20131013
EN work/key_generator 1734907145 \
      FL /mnt/hgfs/vm_share/other/moh/rcs1/key_generator.vhd \
      PB ieee/std_logic_1164 1381692176
AR work/key_generator/Behavioral 1734907146 \
      FL /mnt/hgfs/vm_share/other/moh/rcs1/key_generator.vhd \
      EN work/key_generator 1734907145
FL /mnt/hgfs/vm_share/other/moh/rcs1/mulop.vhd 2024/12/22.19:26:20 P.20131013
EN work/mulop 1734907137 FL /mnt/hgfs/vm_share/other/moh/rcs1/mulop.vhd \
      PB ieee/std_logic_1164 1381692176 PB ieee/STD_LOGIC_UNSIGNED 1381692179 \
      PB ieee/NUMERIC_STD 1381692181
AR work/mulop/Behavioral 1734907138 \
      FL /mnt/hgfs/vm_share/other/moh/rcs1/mulop.vhd EN work/mulop 1734907137
FL /mnt/hgfs/vm_share/other/moh/rcs1/mux2x1.vhd 2024/12/22.16:38:06 P.20131013
EN work/mux2x1 1734907151 FL /mnt/hgfs/vm_share/other/moh/rcs1/mux2x1.vhd \
      PB ieee/std_logic_1164 1381692176
AR work/mux2x1/Behavioral 1734907152 \
      FL /mnt/hgfs/vm_share/other/moh/rcs1/mux2x1.vhd EN work/mux2x1 1734907151
FL /mnt/hgfs/vm_share/other/moh/rcs1/register_16bit.vhd 2024/12/22.22:22:11 P.20131013
EN work/register_16bit 1734907153 \
      FL /mnt/hgfs/vm_share/other/moh/rcs1/register_16bit.vhd \
      PB ieee/std_logic_1164 1381692176
AR work/register_16bit/Behavioral 1734907154 \
      FL /mnt/hgfs/vm_share/other/moh/rcs1/register_16bit.vhd \
      EN work/register_16bit 1734907153
FL /mnt/hgfs/vm_share/other/moh/rcs1/round.vhd 2024/12/22.19:39:30 P.20131013
EN work/round 1734907147 FL /mnt/hgfs/vm_share/other/moh/rcs1/round.vhd \
      PB ieee/std_logic_1164 1381692176
AR work/round/Behavioral 1734907148 \
      FL /mnt/hgfs/vm_share/other/moh/rcs1/round.vhd EN work/round 1734907147 \
      CP mulop CP addop CP xorop
FL /mnt/hgfs/vm_share/other/moh/rcs1/rxcver.vhd 2016/04/20.10:48:07 P.20131013
EN work/rxcver 1734907157 FL /mnt/hgfs/vm_share/other/moh/rcs1/rxcver.vhd \
      PB ieee/std_logic_1164 1381692176 PB ieee/std_logic_arith 1381692177 \
      PB ieee/std_logic_misc 1381692178 PB ieee/STD_LOGIC_UNSIGNED 1381692179
AR work/rxcver/behavior 1734907158 \
      FL /mnt/hgfs/vm_share/other/moh/rcs1/rxcver.vhd EN work/rxcver 1734907157
FL /mnt/hgfs/vm_share/other/moh/rcs1/trafo.vhd 2024/12/22.19:19:24 P.20131013
EN work/trafo 1734907149 FL /mnt/hgfs/vm_share/other/moh/rcs1/trafo.vhd \
      PB ieee/std_logic_1164 1381692176
AR work/trafo/Behavioral 1734907150 \
      FL /mnt/hgfs/vm_share/other/moh/rcs1/trafo.vhd EN work/trafo 1734907149 \
      AR work/mulop/Behavioral 1734907138 AR work/addop/Behavioral 1734907140
FL /mnt/hgfs/vm_share/other/moh/rcs1/txmit.vhd 2016/04/20.10:48:07 P.20131013
EN work/txmit 1734907155 FL /mnt/hgfs/vm_share/other/moh/rcs1/txmit.vhd \
      PB ieee/std_logic_1164 1381692176 PB ieee/std_logic_arith 1381692177 \
      PB ieee/std_logic_misc 1381692178 PB ieee/STD_LOGIC_UNSIGNED 1381692179
AR work/txmit/behavior 1734907156 \
      FL /mnt/hgfs/vm_share/other/moh/rcs1/txmit.vhd EN work/txmit 1734907155
FL /mnt/hgfs/vm_share/other/moh/rcs1/uart.vhd 2016/04/20.10:48:07 P.20131013
EN work/uart 1734907159 FL /mnt/hgfs/vm_share/other/moh/rcs1/uart.vhd \
      PB ieee/std_logic_1164 1381692176 PB ieee/std_logic_arith 1381692177 \
      PB ieee/std_logic_misc 1381692178 PB ieee/STD_LOGIC_UNSIGNED 1381692179
AR work/uart/behavior 1734907160 \
      FL /mnt/hgfs/vm_share/other/moh/rcs1/uart.vhd EN work/uart 1734907159 \
      CP txmit CP rxcver
FL /mnt/hgfs/vm_share/other/moh/rcs1/xorop.vhd 2024/12/22.19:40:46 P.20131013
EN work/xorop 1734907141 FL /mnt/hgfs/vm_share/other/moh/rcs1/xorop.vhd \
      PB ieee/std_logic_1164 1381692176
AR work/xorop/Behavioral 1734907142 \
      FL /mnt/hgfs/vm_share/other/moh/rcs1/xorop.vhd EN work/xorop 1734907141
